>>>> [1] batman <<<<
pixel (0 1): expected 13 67 111 got 255 255 255
>>>> [2] batman_2 <<<<
pixel (218 757): expected 255 250 246 got 255 255 255
>>>> [3] blank_1 <<<<
>>>> [4] blank_2 <<<<
>>>> [5] circle_1 <<<<
Point.cpp:9:19: runtime error: signed integer overflow: -1094795586 + -1094795586 cannot be represented in type 'int'
PNGImage.cpp:93:12: runtime error: signed integer overflow: 2105376124 * 2 cannot be represented in type 'int'
test: PNGImage.cpp:63: svg::Color& svg::PNGImage::at(int, int): Assertion `y >= 0 && y < height_' failed.
>>>> [6] circle_2 <<<<
Point.cpp:9:19: runtime error: signed integer overflow: -1094795586 + -1094795586 cannot be represented in type 'int'
PNGImage.cpp:93:12: runtime error: signed integer overflow: 2105376124 * 2 cannot be represented in type 'int'
test: PNGImage.cpp:63: svg::Color& svg::PNGImage::at(int, int): Assertion `y >= 0 && y < height_' failed.
>>>> [7] ellipse_1 <<<<
>>>> [8] ellipse_2 <<<<
>>>> [9] group_1 <<<<
pixel (10 40): expected 255 0 0 got 255 255 255
>>>> [10] group_2 <<<<
pixel (0 25): expected 255 0 0 got 255 255 255
>>>> [11] group_3 <<<<
pixel (10 260): expected 255 0 0 got 255 255 255
>>>> [12] group_4 <<<<
pixel (10 260): expected 255 0 0 got 255 255 255
>>>> [13] group_5 <<<<
pixel (10 260): expected 255 0 0 got 255 255 255
>>>> [14] group_6 <<<<
pixel (10 10): expected 255 0 0 got 255 255 255
>>>> [15] group_7 <<<<
pixel (36 80): expected 255 0 0 got 255 255 255
>>>> [16] line_1 <<<<
>>>> [17] line_2 <<<<
>>>> [18] lion <<<<
pixel (0 1): expected 0 255 0 got 255 255 255
>>>> [19] polygon_1 <<<<
pixel (0 1): expected 255 0 0 got 255 255 255
>>>> [20] polygon_2 <<<<
pixel (51 50): expected 255 255 0 got 255 255 255
>>>> [21] polyline_1 <<<<
pixel (1 1): expected 0 0 255 got 255 255 255
>>>> [22] polyline_2 <<<<
pixel (10 10): expected 0 0 255 got 255 255 255
>>>> [23] polyline_3 <<<<
pixel (220 306): expected 122 51 111 got 255 255 255
>>>> [24] rect_1 <<<<
pixel (0 1): expected 0 0 255 got 255 255 255
>>>> [25] rect_2 <<<<
pixel (10 11): expected 255 0 0 got 255 255 255
>>>> [26] rect_3 <<<<
pixel (30 33): expected 255 0 0 got 255 255 255
>>>> [27] rotate_circle <<<<
Point.cpp:9:19: runtime error: signed integer overflow: -1094795586 + -1094795586 cannot be represented in type 'int'
PNGImage.cpp:93:12: runtime error: signed integer overflow: 2105376124 * 2 cannot be represented in type 'int'
test: PNGImage.cpp:63: svg::Color& svg::PNGImage::at(int, int): Assertion `y >= 0 && y < height_' failed.
>>>> [28] rotate_circle_with_origin <<<<
Point.cpp:9:19: runtime error: signed integer overflow: -1094795586 + -1094795586 cannot be represented in type 'int'
PNGImage.cpp:93:12: runtime error: signed integer overflow: 2105376124 * 2 cannot be represented in type 'int'
test: PNGImage.cpp:63: svg::Color& svg::PNGImage::at(int, int): Assertion `y >= 0 && y < height_' failed.
>>>> [29] rotate_line <<<<
pixel (0 1): expected 255 0 0 got 255 255 255
>>>> [30] rotate_line_with_origin <<<<
pixel (41 66): expected 0 255 0 got 255 255 255
>>>> [31] rotate_polygon <<<<
pixel (50 50): expected 255 255 255 got 0 0 255
>>>> [32] rotate_polygon_with_origin <<<<
pixel (16 143): expected 0 0 255 got 255 255 255
>>>> [33] rotate_polyline <<<<
pixel (16 23): expected 0 255 0 got 255 255 255
>>>> [34] rotate_polyline_with_origin <<<<
pixel (10 10): expected 0 0 255 got 255 255 255
>>>> [35] rotate_rect <<<<
pixel (6 252): expected 0 0 255 got 255 255 255
>>>> [36] rotate_rect_with_origin <<<<
pixel (14 113): expected 0 255 0 got 255 255 255
>>>> [37] scale_circle <<<<
Point.cpp:9:19: runtime error: signed integer overflow: -1094795586 + -1094795586 cannot be represented in type 'int'
PNGImage.cpp:93:12: runtime error: signed integer overflow: 2105376124 * 2 cannot be represented in type 'int'
test: PNGImage.cpp:63: svg::Color& svg::PNGImage::at(int, int): Assertion `y >= 0 && y < height_' failed.
>>>> [38] scale_circle_with_origin <<<<
Point.cpp:9:19: runtime error: signed integer overflow: -1094795586 + -1094795586 cannot be represented in type 'int'
PNGImage.cpp:93:12: runtime error: signed integer overflow: 2105376124 * 2 cannot be represented in type 'int'
test: PNGImage.cpp:63: svg::Color& svg::PNGImage::at(int, int): Assertion `y >= 0 && y < height_' failed.
>>>> [39] scale_ellipse <<<<
pixel (20 60): expected 255 0 0 got 255 255 255
>>>> [40] scale_ellipse_with_origin <<<<
pixel (100 300): expected 0 0 255 got 255 255 255
>>>> [41] scale_line <<<<
pixel (50 50): expected 255 255 255 got 0 255 0
>>>> [42] scale_line_with_origin <<<<
pixel (50 50): expected 255 0 0 got 0 255 0
>>>> [43] scale_polygon <<<<
pixel (25 25): expected 255 0 0 got 0 255 0
>>>> [44] scale_polygon_with_origin <<<<
pixel (50 50): expected 255 255 0 got 255 0 0
>>>> [45] scale_polyline <<<<
pixel (20 20): expected 255 0 0 got 255 255 255
>>>> [46] scale_polyline_with_origin <<<<
pixel (20 160): expected 0 255 0 got 255 255 255
>>>> [47] scale_rect <<<<
pixel (0 1): expected 0 0 0 got 255 255 255
>>>> [48] scale_rect_with_origin <<<<
pixel (55 50): expected 0 255 0 got 255 255 255
>>>> [49] transform_several <<<<
pixel (0 0): expected 255 0 0 got 0 0 255
>>>> [50] translate_circle <<<<
Point.cpp:9:19: runtime error: signed integer overflow: -1094795586 + -1094795586 cannot be represented in type 'int'
PNGImage.cpp:93:12: runtime error: signed integer overflow: 2105376124 * 2 cannot be represented in type 'int'
test: PNGImage.cpp:63: svg::Color& svg::PNGImage::at(int, int): Assertion `y >= 0 && y < height_' failed.
>>>> [51] translate_ellipse <<<<
pixel (5 25): expected 0 255 0 got 0 0 255
>>>> [52] translate_line <<<<
pixel (1 1): expected 255 255 255 got 0 255 0
>>>> [53] translate_polygon <<<<
pixel (0 0): expected 255 0 0 got 0 0 255
>>>> [54] translate_polyline <<<<
pixel (10 10): expected 0 0 255 got 255 255 255
>>>> [55] translate_rect <<<<
pixel (5 5): expected 0 255 0 got 255 255 0
>>>> [56] use_1 <<<<
terminate called after throwing an instance of 'std::logic_error'
  what():  basic_string: construction from null is not valid
>>>> [57] use_2 <<<<
terminate called after throwing an instance of 'std::logic_error'
  what():  basic_string: construction from null is not valid
>>>> [58] use_3 <<<<
terminate called after throwing an instance of 'std::logic_error'
  what():  basic_string: construction from null is not valid
>>>> [59] use_4 <<<<
terminate called after throwing an instance of 'std::logic_error'
  what():  basic_string: construction from null is not valid
>>>> [60] use_5 <<<<
pixel (51 51): expected 0 255 0 got 255 255 255
>>>> [61] use_6 <<<<
pixel (0 0): expected 0 0 0 got 255 255 255
